2026-09-03 13:27:20.399: [INFO] CurrentProfilePath: D:\MiniHospitalEmergencySystem\.metadata\.plugins\org.eclipse.swt\EBWebView\Default
2026-09-03 13:27:20.399: [INFO] Profiles total count: 1
2026-09-03 13:27:20.399: [INFO] Profile: name=Profile 1 path=D:\MiniHospitalEmergencySystem\.metadata\.plugins\org.eclipse.swt\EBWebView\Default lastActive=null
2026-09-03 13:27:20.399: [INFO] LastUsedProfileDir: D:\MiniHospitalEmergencySystem\.metadata\.plugins\org.eclipse.swt\EBWebView\Default
2026-09-03 13:27:20.399: [INFO] OnDoneLoading sync enabled: 0
2026-09-03 13:27:20.399: [INFO] BookmarkModelLoaded, ids_reassigned: 0
2026-09-03 13:27:20.399: [INFO] BookmarksLoadDropped droppedNodes=0
2026-09-03 13:27:20.399: [INFO] BookmarksSnapshot Startup total=0 bar=0 other=0 mobile=0 showBar=0 showBarNTP=1
2026-09-03 13:27:44.734: [INFO] BookmarksSnapshot Shutdown total=0 bar=0 other=0 mobile=0 showBar=0 showBarNTP=1
2026-09-03 13:27:47.318: [INFO] CurrentProfilePath: D:\MiniHospitalEmergencySystem\.metadata\.plugins\org.eclipse.swt\EBWebView\Default
2026-09-03 13:27:47.319: [INFO] Profiles total count: 1
2026-09-03 13:27:47.319: [INFO] Profile: name=Profile 1 path=D:\MiniHospitalEmergencySystem\.metadata\.plugins\org.eclipse.swt\EBWebView\Default lastActive=2026-09-03T13:27:21.689Z
2026-09-03 13:27:47.319: [INFO] LastUsedProfileDir: D:\MiniHospitalEmergencySystem\.metadata\.plugins\org.eclipse.swt\EBWebView\Default
2026-09-03 13:27:47.319: [INFO] MostRecentlyActiveProfile: name=Profile 1 path=D:\MiniHospitalEmergencySystem\.metadata\.plugins\org.eclipse.swt\EBWebView\Default lastActive=2026-09-03T13:27:21.689Z
2026-09-03 13:27:47.319: [INFO] OnDoneLoading sync enabled: 0
2026-09-03 13:27:47.319: [INFO] BookmarkModelLoaded, ids_reassigned: 0
2026-09-03 13:27:47.319: [INFO] BookmarksLoadDropped droppedNodes=0
2026-09-03 13:27:47.319: [INFO] BookmarksSnapshot Startup total=0 bar=0 other=0 mobile=0 showBar=0 showBarNTP=1
2026-09-03 13:28:38.132: [INFO] BookmarksSnapshot Shutdown total=0 bar=0 other=0 mobile=0 showBar=0 showBarNTP=1
2026-09-03 13:29:08.713: [INFO] CurrentProfilePath: D:\MiniHospitalEmergencySystem\.metadata\.plugins\org.eclipse.swt\EBWebView\Default
2026-09-03 13:29:08.713: [INFO] Profiles total count: 1
2026-09-03 13:29:08.713: [INFO] Profile: name=Profile 1 path=D:\MiniHospitalEmergencySystem\.metadata\.plugins\org.eclipse.swt\EBWebView\Default lastActive=2026-09-03T13:28:25.870Z
2026-09-03 13:29:08.713: [INFO] LastUsedProfileDir: D:\MiniHospitalEmergencySystem\.metadata\.plugins\org.eclipse.swt\EBWebView\Default
2026-09-03 13:29:08.713: [INFO] MostRecentlyActiveProfile: name=Profile 1 path=D:\MiniHospitalEmergencySystem\.metadata\.plugins\org.eclipse.swt\EBWebView\Default lastActive=2026-09-03T13:28:25.870Z
2026-09-03 13:29:08.713: [INFO] OnDoneLoading sync enabled: 0
2026-09-03 13:29:08.713: [INFO] BookmarkModelLoaded, ids_reassigned: 0
2026-09-03 13:29:08.713: [INFO] BookmarksLoadDropped droppedNodes=0
2026-09-03 13:29:08.713: [INFO] BookmarksSnapshot Startup total=0 bar=0 other=0 mobile=0 showBar=0 showBarNTP=1
2026-09-03 13:34:04.862: [INFO] BookmarksSnapshot Shutdown total=0 bar=0 other=0 mobile=0 showBar=0 showBarNTP=1
2026-09-03 13:36:28.434: [INFO] CurrentProfilePath: D:\MiniHospitalEmergencySystem\.metadata\.plugins\org.eclipse.swt\EBWebView\Default
2026-09-03 13:36:28.434: [INFO] Profiles total count: 1
2026-09-03 13:36:28.435: [INFO] Profile: name=Profile 1 path=D:\MiniHospitalEmergencySystem\.metadata\.plugins\org.eclipse.swt\EBWebView\Default lastActive=2026-09-03T13:34:04.479Z
2026-09-03 13:36:28.435: [INFO] LastUsedProfileDir: D:\MiniHospitalEmergencySystem\.metadata\.plugins\org.eclipse.swt\EBWebView\Default
2026-09-03 13:36:28.435: [INFO] MostRecentlyActiveProfile: name=Profile 1 path=D:\MiniHospitalEmergencySystem\.metadata\.plugins\org.eclipse.swt\EBWebView\Default lastActive=2026-09-03T13:34:04.479Z
2026-09-03 13:36:28.435: [INFO] OnDoneLoading sync enabled: 0
2026-09-03 13:36:28.435: [INFO] BookmarkModelLoaded, ids_reassigned: 0
2026-09-03 13:36:28.435: [INFO] BookmarksLoadDropped droppedNodes=0
2026-09-03 13:36:28.435: [INFO] BookmarksSnapshot Startup total=0 bar=0 other=0 mobile=0 showBar=0 showBarNTP=1
2026-09-03 13:38:16.302: [INFO] BookmarksSnapshot Shutdown total=0 bar=0 other=0 mobile=0 showBar=0 showBarNTP=1
